note: no external requirements
  --> $DIR/propagate-fail-to-approximate-longer-no-bounds.rs:35:47
   |
LL |     establish_relationships(&cell_a, &cell_b, |_outlives, x, y| {
   |                                               ^^^^^^^^^^^^^^^^^
   |
   = note: defining type: supply::{closure#0} with closure substs [
               Int(
                   I16,
               ),
               FnPtr(
                   Binder(
                       ([Tuple([Ref(ReLateBound(DebruijnIndex(0), BoundRegion { var: 0, kind: BrAnon(0, None) }), Adt(std::cell::Cell, [Ref(ReLateBound(DebruijnIndex(0), BoundRegion { var: 1, kind: BrAnon(1, None) }), Ref('_#1r, Uint(U32), Not), Not)]), Not), Ref(ReLateBound(DebruijnIndex(0), BoundRegion { var: 2, kind: BrAnon(2, None) }), Adt(std::cell::Cell, [Ref(ReLateBound(DebruijnIndex(0), BoundRegion { var: 3, kind: BrAnon(3, None) }), Uint(U32), Not)]), Not), Ref(ReLateBound(DebruijnIndex(0), BoundRegion { var: 4, kind: BrAnon(4, None) }), Adt(std::cell::Cell, [Ref(ReLateBound(DebruijnIndex(0), BoundRegion { var: 1, kind: BrAnon(1, None) }), Uint(U32), Not)]), Not)])]; c_variadic: false)->Tuple([]),
                       [
                           Region(
                               BrAnon(0, None),
                           ),
                           Region(
                               BrAnon(1, None),
                           ),
                           Region(
                               BrAnon(2, None),
                           ),
                           Region(
                               BrAnon(3, None),
                           ),
                           Region(
                               BrAnon(4, None),
                           ),
                       ],
                   ),
               ),
               Tuple(
                   [],
               ),
           ]
   = note: late-bound region is '_#2r
   = note: late-bound region is '_#3r

error: lifetime may not live long enough
  --> $DIR/propagate-fail-to-approximate-longer-no-bounds.rs:37:9
   |
LL |     establish_relationships(&cell_a, &cell_b, |_outlives, x, y| {
   |                                                ---------  - has type `&'_#7r Cell<&'1 u32>`
   |                                                |
   |                                                has type `&'_#5r Cell<&'2 &'_#1r u32>`
LL |         // Only works if 'x: 'y:
LL |         demand_y(x, y, x.get())
   |         ^^^^^^^^^^^^^^^^^^^^^^^ argument requires that `'1` must outlive `'2`

note: no external requirements
  --> $DIR/propagate-fail-to-approximate-longer-no-bounds.rs:34:1
   |
LL | fn supply<'a, 'b>(cell_a: Cell<&'a u32>, cell_b: Cell<&'b u32>) {
   | ^^^^^^^^^^^^^^^^^^^^^^^^^^^^^^^^^^^^^^^^^^^^^^^^^^^^^^^^^^^^^^^
   |
   = note: defining type: supply

error: aborting due to previous error

