error[E0275]: overflow evaluating the requirement `Bar<Bar<Bar<Bar<Bar<Bar<Bar<Bar<Bar<Bar<Bar<Bar<Bar<Bar<Bar<Bar<Bar<Bar<Bar<Bar<Bar<Bar<Bar<Bar<Bar<Bar<Bar<Bar<Bar<Bar<Bar<Bar<Bar<Bar<Bar<Bar<Bar<Bar<Bar<Bar<Bar<Bar<Bar<Bar<Bar<Bar<Bar<Bar<Bar<Bar<Bar<Bar<Bar<Bar<Bar<Bar<Bar<Bar<Bar<Bar<Bar<Bar<Bar<Bar<Bar<Bar<Bar<Bar<Bar<Bar<Bar<Bar<Bar<Bar<Bar<Bar<Bar<Bar<Bar<Bar<Bar<Bar<Bar<Bar<Bar<Bar<Bar<Bar<Bar<Bar<Bar<Bar<Bar<Bar<Bar<Bar<Bar<Bar<Bar<Bar<Bar<Bar<Bar<Bar<Bar<Bar<Bar<Bar<Bar<Bar<Bar<Bar<Bar<Bar<Bar<Bar<Bar<Bar<Bar<Bar<Bar<Bar<Bar<Bar<Bar<Bar<Bar<Bar<()>>>>>>>>>>>>>>>>>>>>>>>>>>>>>>>>>>>>>>>>>>>>>>>>>>>>>>>>>>>>>>>>>>>>>>>>>>>>>>>>>>>>>>>>>>>>>>>>>>>>>>>>>>>>>>>>>>>>>>>>>>>>>>>>: Foo`
  --> $DIR/E0275.rs:10:5
   |
LL |     takes_foo::<()>();
   |     ^^^^^^^^^^^^^^^
   |
   = help: consider increasing the recursion limit by adding a `#![recursion_limit = "256"]` attribute to your crate (`E0275`)
note: required because of the requirements on the impl of `Foo` for `Bar<Bar<Bar<Bar<Bar<Bar<Bar<Bar<Bar<Bar<Bar<Bar<Bar<Bar<Bar<Bar<Bar<Bar<Bar<Bar<Bar<Bar<Bar<Bar<Bar<Bar<Bar<Bar<Bar<Bar<Bar<Bar<Bar<Bar<Bar<Bar<Bar<Bar<Bar<Bar<Bar<Bar<Bar<Bar<Bar<Bar<Bar<Bar<Bar<Bar<Bar<Bar<Bar<Bar<Bar<Bar<Bar<Bar<Bar<Bar<Bar<Bar<Bar<Bar<Bar<Bar<Bar<Bar<Bar<Bar<Bar<Bar<Bar<Bar<Bar<Bar<Bar<Bar<Bar<Bar<Bar<Bar<Bar<Bar<Bar<Bar<Bar<Bar<Bar<Bar<Bar<Bar<Bar<Bar<Bar<Bar<Bar<Bar<Bar<Bar<Bar<Bar<Bar<Bar<Bar<Bar<Bar<Bar<Bar<Bar<Bar<Bar<Bar<Bar<Bar<Bar<Bar<Bar<Bar<Bar<Bar<Bar<Bar<Bar<Bar<Bar<Bar<()>>>>>>>>>>>>>>>>>>>>>>>>>>>>>>>>>>>>>>>>>>>>>>>>>>>>>>>>>>>>>>>>>>>>>>>>>>>>>>>>>>>>>>>>>>>>>>>>>>>>>>>>>>>>>>>>>>>>>>>>>>>>>>>`
  --> $DIR/E0275.rs:5:9
   |
LL | impl<T> Foo for T where Bar<T>: Foo {}
   |         ^^^     ^
   = note: 127 redundant requirements hidden
   = note: required because of the requirements on the impl of `Foo` for `()`
note: required by a bound in `takes_foo`
  --> $DIR/E0275.rs:7:17
   |
LL | fn takes_foo<T: Foo>() {}
   |                 ^^^ required by this bound in `takes_foo`

error: aborting due to previous error

For more information about this error, try `rustc --explain E0275`.
