error[E0308]: mismatched types
  --> $DIR/unifies_with_bare_param.rs:16:5
   |
LL |     [(); N]
   |     ^^^^^^^ expected `<() as Trait<N>>::ASSOC`, found `N`
   |
   = note: expected type `<() as Trait<N>>::ASSOC`
              found type `N`

error: aborting due to previous error

For more information about this error, try `rustc --explain E0308`.
