error: internal compiler error: compiler/rustc_middle/src/ty/normalize_erasing_regions.rs:198:90: Failed to normalize Alias(Projection, AliasTy { substs: [FnDef(DefId(0:18 ~ normalize_tait_in_const[1c07]::foo), []), Tuple([Ref(ReErased, Ref(ReErased, Adt(S, []), Not), Not)])], def_id: DefId(2:2940 ~ core[a28e]::ops::function::FnOnce::Output) }), maybe try to call `try_normalize_erasing_regions` instead

query stack during panic:
#0 [eval_to_allocation_raw] const-evaluating + checking `BAR`
#1 [eval_to_const_value_raw] simplifying constant for the type system `BAR`
end of query stack
error: aborting due to previous error

