print-type-size type: `Generator(DefId(0:7 ~ async[505d]::test::{closure#0}), [Adt(std::future::ResumeTy, []), Tuple([]), Tuple([]), GeneratorWitness(Binder([Adt(std::future::ResumeTy, []), Array(Uint(U8), Const { ty: Uint(Usize), kind: Value(Leaf(0x0000000000002000)) }), Generator(DefId(0:4 ~ async[505d]::wait::{closure#0}), [Adt(std::future::ResumeTy, []), Tuple([]), Tuple([]), GeneratorWitness(Binder([], [])), Tuple([])], Static), Tuple([])], [])), Tuple([Array(Uint(U8), Const { ty: Uint(Usize), kind: Value(Leaf(0x0000000000002000)) })])], Static)`: 16386 bytes, alignment: 1 bytes
print-type-size     discriminant: 1 bytes
print-type-size     variant `Suspend0`: 16385 bytes
print-type-size         field `.arg`: 8192 bytes, offset: 0 bytes, alignment: 1 bytes
print-type-size         field `.arg`: 8192 bytes
print-type-size         field `.__awaitee`: 1 bytes
print-type-size     variant `Unresumed`: 8192 bytes
print-type-size         field `.arg`: 8192 bytes, offset: 0 bytes, alignment: 1 bytes
print-type-size     variant `Returned`: 8192 bytes
print-type-size         field `.arg`: 8192 bytes, offset: 0 bytes, alignment: 1 bytes
print-type-size     variant `Panicked`: 8192 bytes
print-type-size         field `.arg`: 8192 bytes, offset: 0 bytes, alignment: 1 bytes
print-type-size type: `Adt(std::mem::ManuallyDrop, [Array(Uint(U8), Const { ty: Uint(Usize), kind: Value(Leaf(0x0000000000002000)) })])`: 8192 bytes, alignment: 1 bytes
print-type-size     field `.value`: 8192 bytes
print-type-size type: `Adt(std::mem::MaybeUninit, [Array(Uint(U8), Const { ty: Uint(Usize), kind: Value(Leaf(0x0000000000002000)) })])`: 8192 bytes, alignment: 1 bytes
print-type-size     variant `MaybeUninit`: 8192 bytes
print-type-size         field `.uninit`: 0 bytes
print-type-size         field `.value`: 8192 bytes
print-type-size type: `Adt(std::mem::ManuallyDrop, [Generator(DefId(0:4 ~ async[505d]::wait::{closure#0}), [Adt(std::future::ResumeTy, []), Tuple([]), Tuple([]), GeneratorWitness(Binder([], [])), Tuple([])], Static)])`: 1 bytes, alignment: 1 bytes
print-type-size     field `.value`: 1 bytes
print-type-size type: `Adt(std::mem::MaybeUninit, [Generator(DefId(0:4 ~ async[505d]::wait::{closure#0}), [Adt(std::future::ResumeTy, []), Tuple([]), Tuple([]), GeneratorWitness(Binder([], [])), Tuple([])], Static)])`: 1 bytes, alignment: 1 bytes
print-type-size     variant `MaybeUninit`: 1 bytes
print-type-size         field `.uninit`: 0 bytes
print-type-size         field `.value`: 1 bytes
print-type-size type: `Adt(std::task::Poll, [Tuple([])])`: 1 bytes, alignment: 1 bytes
print-type-size     discriminant: 1 bytes
print-type-size     variant `Ready`: 0 bytes
print-type-size         field `.0`: 0 bytes
print-type-size     variant `Pending`: 0 bytes
print-type-size type: `Generator(DefId(0:4 ~ async[505d]::wait::{closure#0}), [Adt(std::future::ResumeTy, []), Tuple([]), Tuple([]), GeneratorWitness(Binder([], [])), Tuple([])], Static)`: 1 bytes, alignment: 1 bytes
print-type-size     discriminant: 1 bytes
print-type-size     variant `Unresumed`: 0 bytes
print-type-size     variant `Returned`: 0 bytes
print-type-size     variant `Panicked`: 0 bytes
