print-type-size type: `Generator(DefId(0:4 ~ generator_discr_placement[c59c]::foo::{closure#0}), [Tuple([]), Tuple([]), Tuple([]), GeneratorWitness(Binder([Int(I32), Tuple([])], [])), Tuple([])], Movable)`: 8 bytes, alignment: 4 bytes
print-type-size     discriminant: 1 bytes
print-type-size     variant `Suspend0`: 7 bytes
print-type-size         padding: 3 bytes
print-type-size         field `.w`: 4 bytes, alignment: 4 bytes
print-type-size     variant `Suspend1`: 7 bytes
print-type-size         padding: 3 bytes
print-type-size         field `.z`: 4 bytes, alignment: 4 bytes
print-type-size     variant `Unresumed`: 0 bytes
print-type-size     variant `Returned`: 0 bytes
print-type-size     variant `Panicked`: 0 bytes
