print-type-size type: `Adt(SevenBytes, [])`: 7 bytes, alignment: 1 bytes
print-type-size     field `.0`: 7 bytes
