print-type-size type: `Adt(std::result::Result, [Uint(U32), Never])`: 4 bytes, alignment: 4 bytes
print-type-size     variant `Ok`: 4 bytes
print-type-size         field `.0`: 4 bytes
print-type-size type: `Adt(std::option::Option, [Never])`: 0 bytes, alignment: 1 bytes
print-type-size     variant `None`: 0 bytes
print-type-size type: `Adt(std::result::Result, [Never, Never])`: 0 bytes, alignment: 1 bytes
