note: external requirements
  --> $DIR/nested-closures-regions.rs:8:24
   |
LL |     for<'a> || -> () { for<'c> |_: &'a ()| -> () {}; };
   |                        ^^^^^^^^^^^^^^^^^^^^^^^^^
   |
   = note: defining type: main::{closure#0}::{closure#0} with closure substs [
               Int(
                   I8,
               ),
               FnPtr(
                   Binder(
                       ([Tuple([Ref('_#1r, Tuple([]), Not)])]; c_variadic: false)->Tuple([]),
                       [
                           Region(
                               BrNamed(DefId(0:7 ~ nested_closures_regions[ac46]::main::{closure#0}::{closure#0}::'c), 'c),
                           ),
                       ],
                   ),
               ),
               Tuple(
                   [],
               ),
           ]
   = note: late-bound region is '_#4r
   = note: late-bound region is '_#2r
   = note: number of external vids: 3
   = note: where '_#1r: '_#2r
   = note: where '_#2r: '_#1r

note: no external requirements
  --> $DIR/nested-closures-regions.rs:8:5
   |
LL |     for<'a> || -> () { for<'c> |_: &'a ()| -> () {}; };
   |     ^^^^^^^^^^^^^^^^
   |
   = note: defining type: main::{closure#0} with closure substs [
               Int(
                   I8,
               ),
               FnPtr(
                   Binder(
                       ([Tuple([])]; c_variadic: false)->Tuple([]),
                       [
                           Region(
                               BrNamed(DefId(0:5 ~ nested_closures_regions[ac46]::main::{closure#0}::'a), 'a),
                           ),
                       ],
                   ),
               ),
               Tuple(
                   [],
               ),
           ]
   = note: late-bound region is '_#2r

note: no external requirements
  --> $DIR/nested-closures-regions.rs:7:1
   |
LL | fn main() {
   | ^^^^^^^^^
   |
   = note: defining type: main

